Archive member included because of file (symbol)

E:\bahan mata kuliah politeknik telkom\ganjil 2013-2014\Sistem Interoperabilitas\Project Arduino\Pengukur_Tinggi_Badan\build\/lib_uno_16.a(LedControl.cpp.o)
                              build\Pengukur_Tinggi_Badan.o (LedControl::setChar(int, int, char, unsigned char))
E:\bahan mata kuliah politeknik telkom\ganjil 2013-2014\Sistem Interoperabilitas\Project Arduino\Pengukur_Tinggi_Badan\build\/lib_uno_16.a(NewPing.cpp.o)
                              build\Pengukur_Tinggi_Badan.o (NewPing::NewPing(unsigned char, unsigned char, int))
E:\bahan mata kuliah politeknik telkom\ganjil 2013-2014\Sistem Interoperabilitas\Project Arduino\Pengukur_Tinggi_Badan\build\/core_uno_16.a(main.cpp.o)
                              e:/codeblocks-arduino baru/codeblocks/bin/../lib/gcc/avr/4.3.3/../../../../avr/lib/avr5/crtm328p.o (main)
E:\bahan mata kuliah politeknik telkom\ganjil 2013-2014\Sistem Interoperabilitas\Project Arduino\Pengukur_Tinggi_Badan\build\/core_uno_16.a(wiring.c.o)
                              E:\bahan mata kuliah politeknik telkom\ganjil 2013-2014\Sistem Interoperabilitas\Project Arduino\Pengukur_Tinggi_Badan\build\/lib_uno_16.a(NewPing.cpp.o) (micros)
E:\bahan mata kuliah politeknik telkom\ganjil 2013-2014\Sistem Interoperabilitas\Project Arduino\Pengukur_Tinggi_Badan\build\/core_uno_16.a(wiring_digital.c.o)
                              E:\bahan mata kuliah politeknik telkom\ganjil 2013-2014\Sistem Interoperabilitas\Project Arduino\Pengukur_Tinggi_Badan\build\/lib_uno_16.a(LedControl.cpp.o) (pinMode)
E:\bahan mata kuliah politeknik telkom\ganjil 2013-2014\Sistem Interoperabilitas\Project Arduino\Pengukur_Tinggi_Badan\build\/core_uno_16.a(wiring_shift.c.o)
                              E:\bahan mata kuliah politeknik telkom\ganjil 2013-2014\Sistem Interoperabilitas\Project Arduino\Pengukur_Tinggi_Badan\build\/lib_uno_16.a(LedControl.cpp.o) (shiftOut)
e:/codeblocks-arduino baru/codeblocks/bin/../lib/gcc/avr/4.3.3/avr5\libgcc.a(_udivmodhi4.o)
                              build\Pengukur_Tinggi_Badan.o (__udivmodhi4)
e:/codeblocks-arduino baru/codeblocks/bin/../lib/gcc/avr/4.3.3/avr5\libgcc.a(_exit.o)
                              e:/codeblocks-arduino baru/codeblocks/bin/../lib/gcc/avr/4.3.3/../../../../avr/lib/avr5/crtm328p.o (exit)
e:/codeblocks-arduino baru/codeblocks/bin/../lib/gcc/avr/4.3.3/avr5\libgcc.a(_copy_data.o)
                              E:\bahan mata kuliah politeknik telkom\ganjil 2013-2014\Sistem Interoperabilitas\Project Arduino\Pengukur_Tinggi_Badan\build\/lib_uno_16.a(LedControl.cpp.o) (__do_copy_data)
e:/codeblocks-arduino baru/codeblocks/bin/../lib/gcc/avr/4.3.3/avr5\libgcc.a(_clear_bss.o)
                              build\Pengukur_Tinggi_Badan.o (__do_clear_bss)
e:/codeblocks-arduino baru/codeblocks/bin/../lib/gcc/avr/4.3.3/avr5\libgcc.a(_ctors.o)
                              build\Pengukur_Tinggi_Badan.o (__do_global_ctors)
e:/codeblocks-arduino baru/codeblocks/bin/../lib/gcc/avr/4.3.3/avr5\libgcc.a(_tablejump.o)
                              e:/codeblocks-arduino baru/codeblocks/bin/../lib/gcc/avr/4.3.3/avr5\libgcc.a(_ctors.o) (__tablejump__)

Discarded input sections

 .data          0x00000000        0x0 e:/codeblocks-arduino baru/codeblocks/bin/../lib/gcc/avr/4.3.3/../../../../avr/lib/avr5/crtm328p.o
 .bss           0x00000000        0x0 e:/codeblocks-arduino baru/codeblocks/bin/../lib/gcc/avr/4.3.3/../../../../avr/lib/avr5/crtm328p.o
 .text          0x00000000        0x0 build\Pengukur_Tinggi_Badan.o
 .data          0x00000000        0x0 build\Pengukur_Tinggi_Badan.o
 .bss           0x00000000        0x0 build\Pengukur_Tinggi_Badan.o
 .text          0x00000000        0x0 E:\bahan mata kuliah politeknik telkom\ganjil 2013-2014\Sistem Interoperabilitas\Project Arduino\Pengukur_Tinggi_Badan\build\/lib_uno_16.a(LedControl.cpp.o)
 .data          0x00000000        0x0 E:\bahan mata kuliah politeknik telkom\ganjil 2013-2014\Sistem Interoperabilitas\Project Arduino\Pengukur_Tinggi_Badan\build\/lib_uno_16.a(LedControl.cpp.o)
 .bss           0x00000000        0x0 E:\bahan mata kuliah politeknik telkom\ganjil 2013-2014\Sistem Interoperabilitas\Project Arduino\Pengukur_Tinggi_Badan\build\/lib_uno_16.a(LedControl.cpp.o)
 .text._ZN10LedControl14getDeviceCountEv
                0x00000000        0x0 E:\bahan mata kuliah politeknik telkom\ganjil 2013-2014\Sistem Interoperabilitas\Project Arduino\Pengukur_Tinggi_Badan\build\/lib_uno_16.a(LedControl.cpp.o)
 .text._ZN10LedControl8setDigitEiihh
                0x00000000        0x0 E:\bahan mata kuliah politeknik telkom\ganjil 2013-2014\Sistem Interoperabilitas\Project Arduino\Pengukur_Tinggi_Badan\build\/lib_uno_16.a(LedControl.cpp.o)
 .text._ZN10LedControl6setRowEiih
                0x00000000        0x0 E:\bahan mata kuliah politeknik telkom\ganjil 2013-2014\Sistem Interoperabilitas\Project Arduino\Pengukur_Tinggi_Badan\build\/lib_uno_16.a(LedControl.cpp.o)
 .text._ZN10LedControl6setLedEiiih
                0x00000000        0x0 E:\bahan mata kuliah politeknik telkom\ganjil 2013-2014\Sistem Interoperabilitas\Project Arduino\Pengukur_Tinggi_Badan\build\/lib_uno_16.a(LedControl.cpp.o)
 .text._ZN10LedControl9setColumnEiih
                0x00000000        0x0 E:\bahan mata kuliah politeknik telkom\ganjil 2013-2014\Sistem Interoperabilitas\Project Arduino\Pengukur_Tinggi_Badan\build\/lib_uno_16.a(LedControl.cpp.o)
 .text._ZN10LedControlC2Eiiii
                0x00000000        0x0 E:\bahan mata kuliah politeknik telkom\ganjil 2013-2014\Sistem Interoperabilitas\Project Arduino\Pengukur_Tinggi_Badan\build\/lib_uno_16.a(LedControl.cpp.o)
 .text          0x00000000        0x0 E:\bahan mata kuliah politeknik telkom\ganjil 2013-2014\Sistem Interoperabilitas\Project Arduino\Pengukur_Tinggi_Badan\build\/lib_uno_16.a(NewPing.cpp.o)
 .data          0x00000000        0x0 E:\bahan mata kuliah politeknik telkom\ganjil 2013-2014\Sistem Interoperabilitas\Project Arduino\Pengukur_Tinggi_Badan\build\/lib_uno_16.a(NewPing.cpp.o)
 .bss           0x00000000        0x0 E:\bahan mata kuliah politeknik telkom\ganjil 2013-2014\Sistem Interoperabilitas\Project Arduino\Pengukur_Tinggi_Badan\build\/lib_uno_16.a(NewPing.cpp.o)
 .text._ZN7NewPingC2Ehhi
                0x00000000        0x0 E:\bahan mata kuliah politeknik telkom\ganjil 2013-2014\Sistem Interoperabilitas\Project Arduino\Pengukur_Tinggi_Badan\build\/lib_uno_16.a(NewPing.cpp.o)
 .text._ZN7NewPing10timer_stopEv
                0x00000000        0x0 E:\bahan mata kuliah politeknik telkom\ganjil 2013-2014\Sistem Interoperabilitas\Project Arduino\Pengukur_Tinggi_Badan\build\/lib_uno_16.a(NewPing.cpp.o)
 .text._ZN7NewPing11timer_setupEv
                0x00000000        0x0 E:\bahan mata kuliah politeknik telkom\ganjil 2013-2014\Sistem Interoperabilitas\Project Arduino\Pengukur_Tinggi_Badan\build\/lib_uno_16.a(NewPing.cpp.o)
 .text._ZN7NewPing8timer_msEmPFvvE
                0x00000000        0x0 E:\bahan mata kuliah politeknik telkom\ganjil 2013-2014\Sistem Interoperabilitas\Project Arduino\Pengukur_Tinggi_Badan\build\/lib_uno_16.a(NewPing.cpp.o)
 .text._ZN7NewPing8timer_usEjPFvvE
                0x00000000        0x0 E:\bahan mata kuliah politeknik telkom\ganjil 2013-2014\Sistem Interoperabilitas\Project Arduino\Pengukur_Tinggi_Badan\build\/lib_uno_16.a(NewPing.cpp.o)
 .text._ZN7NewPing15timer_ms_cntdwnEv
                0x00000000        0x0 E:\bahan mata kuliah politeknik telkom\ganjil 2013-2014\Sistem Interoperabilitas\Project Arduino\Pengukur_Tinggi_Badan\build\/lib_uno_16.a(NewPing.cpp.o)
 .text._ZN7NewPing10convert_inEj
                0x00000000        0x0 E:\bahan mata kuliah politeknik telkom\ganjil 2013-2014\Sistem Interoperabilitas\Project Arduino\Pengukur_Tinggi_Badan\build\/lib_uno_16.a(NewPing.cpp.o)
 .text._ZN7NewPing10convert_cmEj
                0x00000000        0x0 E:\bahan mata kuliah politeknik telkom\ganjil 2013-2014\Sistem Interoperabilitas\Project Arduino\Pengukur_Tinggi_Badan\build\/lib_uno_16.a(NewPing.cpp.o)
 .text._ZN7NewPing11check_timerEv
                0x00000000        0x0 E:\bahan mata kuliah politeknik telkom\ganjil 2013-2014\Sistem Interoperabilitas\Project Arduino\Pengukur_Tinggi_Badan\build\/lib_uno_16.a(NewPing.cpp.o)
 .text._ZN7NewPing10ping_timerEPFvvE
                0x00000000        0x0 E:\bahan mata kuliah politeknik telkom\ganjil 2013-2014\Sistem Interoperabilitas\Project Arduino\Pengukur_Tinggi_Badan\build\/lib_uno_16.a(NewPing.cpp.o)
 .text._ZN7NewPing7ping_cmEv
                0x00000000        0x0 E:\bahan mata kuliah politeknik telkom\ganjil 2013-2014\Sistem Interoperabilitas\Project Arduino\Pengukur_Tinggi_Badan\build\/lib_uno_16.a(NewPing.cpp.o)
 .text._ZN7NewPing7ping_inEv
                0x00000000        0x0 E:\bahan mata kuliah politeknik telkom\ganjil 2013-2014\Sistem Interoperabilitas\Project Arduino\Pengukur_Tinggi_Badan\build\/lib_uno_16.a(NewPing.cpp.o)
 .text._ZN7NewPing11ping_medianEh
                0x00000000        0x0 E:\bahan mata kuliah politeknik telkom\ganjil 2013-2014\Sistem Interoperabilitas\Project Arduino\Pengukur_Tinggi_Badan\build\/lib_uno_16.a(NewPing.cpp.o)
 .bss.intFunc2  0x00000000        0x0 E:\bahan mata kuliah politeknik telkom\ganjil 2013-2014\Sistem Interoperabilitas\Project Arduino\Pengukur_Tinggi_Badan\build\/lib_uno_16.a(NewPing.cpp.o)
 .bss._ms_cnt_reset
                0x00000000        0x0 E:\bahan mata kuliah politeknik telkom\ganjil 2013-2014\Sistem Interoperabilitas\Project Arduino\Pengukur_Tinggi_Badan\build\/lib_uno_16.a(NewPing.cpp.o)
 .bss._ms_cnt   0x00000000        0x0 E:\bahan mata kuliah politeknik telkom\ganjil 2013-2014\Sistem Interoperabilitas\Project Arduino\Pengukur_Tinggi_Badan\build\/lib_uno_16.a(NewPing.cpp.o)
 .text          0x00000000        0x0 E:\bahan mata kuliah politeknik telkom\ganjil 2013-2014\Sistem Interoperabilitas\Project Arduino\Pengukur_Tinggi_Badan\build\/core_uno_16.a(main.cpp.o)
 .data          0x00000000        0x0 E:\bahan mata kuliah politeknik telkom\ganjil 2013-2014\Sistem Interoperabilitas\Project Arduino\Pengukur_Tinggi_Badan\build\/core_uno_16.a(main.cpp.o)
 .bss           0x00000000        0x0 E:\bahan mata kuliah politeknik telkom\ganjil 2013-2014\Sistem Interoperabilitas\Project Arduino\Pengukur_Tinggi_Badan\build\/core_uno_16.a(main.cpp.o)
 .text          0x00000000        0x0 E:\bahan mata kuliah politeknik telkom\ganjil 2013-2014\Sistem Interoperabilitas\Project Arduino\Pengukur_Tinggi_Badan\build\/core_uno_16.a(wiring.c.o)
 .data          0x00000000        0x0 E:\bahan mata kuliah politeknik telkom\ganjil 2013-2014\Sistem Interoperabilitas\Project Arduino\Pengukur_Tinggi_Badan\build\/core_uno_16.a(wiring.c.o)
 .bss           0x00000000        0x0 E:\bahan mata kuliah politeknik telkom\ganjil 2013-2014\Sistem Interoperabilitas\Project Arduino\Pengukur_Tinggi_Badan\build\/core_uno_16.a(wiring.c.o)
 .text.millis   0x00000000        0x0 E:\bahan mata kuliah politeknik telkom\ganjil 2013-2014\Sistem Interoperabilitas\Project Arduino\Pengukur_Tinggi_Badan\build\/core_uno_16.a(wiring.c.o)
 .text          0x00000000        0x0 E:\bahan mata kuliah politeknik telkom\ganjil 2013-2014\Sistem Interoperabilitas\Project Arduino\Pengukur_Tinggi_Badan\build\/core_uno_16.a(wiring_digital.c.o)
 .data          0x00000000        0x0 E:\bahan mata kuliah politeknik telkom\ganjil 2013-2014\Sistem Interoperabilitas\Project Arduino\Pengukur_Tinggi_Badan\build\/core_uno_16.a(wiring_digital.c.o)
 .bss           0x00000000        0x0 E:\bahan mata kuliah politeknik telkom\ganjil 2013-2014\Sistem Interoperabilitas\Project Arduino\Pengukur_Tinggi_Badan\build\/core_uno_16.a(wiring_digital.c.o)
 .text.digitalRead
                0x00000000        0x0 E:\bahan mata kuliah politeknik telkom\ganjil 2013-2014\Sistem Interoperabilitas\Project Arduino\Pengukur_Tinggi_Badan\build\/core_uno_16.a(wiring_digital.c.o)
 .text          0x00000000        0x0 E:\bahan mata kuliah politeknik telkom\ganjil 2013-2014\Sistem Interoperabilitas\Project Arduino\Pengukur_Tinggi_Badan\build\/core_uno_16.a(wiring_shift.c.o)
 .data          0x00000000        0x0 E:\bahan mata kuliah politeknik telkom\ganjil 2013-2014\Sistem Interoperabilitas\Project Arduino\Pengukur_Tinggi_Badan\build\/core_uno_16.a(wiring_shift.c.o)
 .bss           0x00000000        0x0 E:\bahan mata kuliah politeknik telkom\ganjil 2013-2014\Sistem Interoperabilitas\Project Arduino\Pengukur_Tinggi_Badan\build\/core_uno_16.a(wiring_shift.c.o)
 .text.shiftIn  0x00000000        0x0 E:\bahan mata kuliah politeknik telkom\ganjil 2013-2014\Sistem Interoperabilitas\Project Arduino\Pengukur_Tinggi_Badan\build\/core_uno_16.a(wiring_shift.c.o)
 .text          0x00000000        0x0 e:/codeblocks-arduino baru/codeblocks/bin/../lib/gcc/avr/4.3.3/avr5\libgcc.a(_udivmodhi4.o)
 .data          0x00000000        0x0 e:/codeblocks-arduino baru/codeblocks/bin/../lib/gcc/avr/4.3.3/avr5\libgcc.a(_udivmodhi4.o)
 .bss           0x00000000        0x0 e:/codeblocks-arduino baru/codeblocks/bin/../lib/gcc/avr/4.3.3/avr5\libgcc.a(_udivmodhi4.o)
 .text          0x00000000        0x0 e:/codeblocks-arduino baru/codeblocks/bin/../lib/gcc/avr/4.3.3/avr5\libgcc.a(_exit.o)
 .data          0x00000000        0x0 e:/codeblocks-arduino baru/codeblocks/bin/../lib/gcc/avr/4.3.3/avr5\libgcc.a(_exit.o)
 .bss           0x00000000        0x0 e:/codeblocks-arduino baru/codeblocks/bin/../lib/gcc/avr/4.3.3/avr5\libgcc.a(_exit.o)
 .text.libgcc   0x00000000        0x0 e:/codeblocks-arduino baru/codeblocks/bin/../lib/gcc/avr/4.3.3/avr5\libgcc.a(_exit.o)
 .text          0x00000000        0x0 e:/codeblocks-arduino baru/codeblocks/bin/../lib/gcc/avr/4.3.3/avr5\libgcc.a(_copy_data.o)
 .data          0x00000000        0x0 e:/codeblocks-arduino baru/codeblocks/bin/../lib/gcc/avr/4.3.3/avr5\libgcc.a(_copy_data.o)
 .bss           0x00000000        0x0 e:/codeblocks-arduino baru/codeblocks/bin/../lib/gcc/avr/4.3.3/avr5\libgcc.a(_copy_data.o)
 .text.libgcc   0x00000000        0x0 e:/codeblocks-arduino baru/codeblocks/bin/../lib/gcc/avr/4.3.3/avr5\libgcc.a(_copy_data.o)
 .text          0x00000000        0x0 e:/codeblocks-arduino baru/codeblocks/bin/../lib/gcc/avr/4.3.3/avr5\libgcc.a(_clear_bss.o)
 .data          0x00000000        0x0 e:/codeblocks-arduino baru/codeblocks/bin/../lib/gcc/avr/4.3.3/avr5\libgcc.a(_clear_bss.o)
 .bss           0x00000000        0x0 e:/codeblocks-arduino baru/codeblocks/bin/../lib/gcc/avr/4.3.3/avr5\libgcc.a(_clear_bss.o)
 .text.libgcc   0x00000000        0x0 e:/codeblocks-arduino baru/codeblocks/bin/../lib/gcc/avr/4.3.3/avr5\libgcc.a(_clear_bss.o)
 .text          0x00000000        0x0 e:/codeblocks-arduino baru/codeblocks/bin/../lib/gcc/avr/4.3.3/avr5\libgcc.a(_ctors.o)
 .data          0x00000000        0x0 e:/codeblocks-arduino baru/codeblocks/bin/../lib/gcc/avr/4.3.3/avr5\libgcc.a(_ctors.o)
 .bss           0x00000000        0x0 e:/codeblocks-arduino baru/codeblocks/bin/../lib/gcc/avr/4.3.3/avr5\libgcc.a(_ctors.o)
 .text.libgcc   0x00000000        0x0 e:/codeblocks-arduino baru/codeblocks/bin/../lib/gcc/avr/4.3.3/avr5\libgcc.a(_ctors.o)
 .text          0x00000000        0x0 e:/codeblocks-arduino baru/codeblocks/bin/../lib/gcc/avr/4.3.3/avr5\libgcc.a(_tablejump.o)
 .data          0x00000000        0x0 e:/codeblocks-arduino baru/codeblocks/bin/../lib/gcc/avr/4.3.3/avr5\libgcc.a(_tablejump.o)
 .bss           0x00000000        0x0 e:/codeblocks-arduino baru/codeblocks/bin/../lib/gcc/avr/4.3.3/avr5\libgcc.a(_tablejump.o)

Memory Configuration

Name             Origin             Length             Attributes
text             0x00000000         0x00020000         xr
data             0x00800060         0x0000ffa0         rw !x
eeprom           0x00810000         0x00010000         rw !x
fuse             0x00820000         0x00000400         rw !x
lock             0x00830000         0x00000400         rw !x
signature        0x00840000         0x00000400         rw !x
*default*        0x00000000         0xffffffff

Linker script and memory map

Address of section .data set to 0x800100
LOAD e:/codeblocks-arduino baru/codeblocks/bin/../lib/gcc/avr/4.3.3/../../../../avr/lib/avr5/crtm328p.o
LOAD build\Pengukur_Tinggi_Badan.o
LOAD E:\bahan mata kuliah politeknik telkom\ganjil 2013-2014\Sistem Interoperabilitas\Project Arduino\Pengukur_Tinggi_Badan\build\/lib_uno_16.a
LOAD E:\bahan mata kuliah politeknik telkom\ganjil 2013-2014\Sistem Interoperabilitas\Project Arduino\Pengukur_Tinggi_Badan\build\/core_uno_16.a
LOAD e:/codeblocks-arduino baru/codeblocks/bin/../lib/gcc/avr/4.3.3/../../../../avr/lib/avr5\libm.a
LOAD e:/codeblocks-arduino baru/codeblocks/bin/../lib/gcc/avr/4.3.3/avr5\libgcc.a
LOAD e:/codeblocks-arduino baru/codeblocks/bin/../lib/gcc/avr/4.3.3/../../../../avr/lib/avr5\libc.a
LOAD e:/codeblocks-arduino baru/codeblocks/bin/../lib/gcc/avr/4.3.3/avr5\libgcc.a

.hash
 *(.hash)

.dynsym
 *(.dynsym)

.dynstr
 *(.dynstr)

.gnu.version
 *(.gnu.version)

.gnu.version_d
 *(.gnu.version_d)

.gnu.version_r
 *(.gnu.version_r)

.rel.init
 *(.rel.init)

.rela.init
 *(.rela.init)

.rel.text
 *(.rel.text)
 *(.rel.text.*)
 *(.rel.gnu.linkonce.t*)

.rela.text
 *(.rela.text)
 *(.rela.text.*)
 *(.rela.gnu.linkonce.t*)

.rel.fini
 *(.rel.fini)

.rela.fini
 *(.rela.fini)

.rel.rodata
 *(.rel.rodata)
 *(.rel.rodata.*)
 *(.rel.gnu.linkonce.r*)

.rela.rodata
 *(.rela.rodata)
 *(.rela.rodata.*)
 *(.rela.gnu.linkonce.r*)

.rel.data
 *(.rel.data)
 *(.rel.data.*)
 *(.rel.gnu.linkonce.d*)

.rela.data
 *(.rela.data)
 *(.rela.data.*)
 *(.rela.gnu.linkonce.d*)

.rel.ctors
 *(.rel.ctors)

.rela.ctors
 *(.rela.ctors)

.rel.dtors
 *(.rel.dtors)

.rela.dtors
 *(.rela.dtors)

.rel.got
 *(.rel.got)

.rela.got
 *(.rela.got)

.rel.bss
 *(.rel.bss)

.rela.bss
 *(.rela.bss)

.rel.plt
 *(.rel.plt)

.rela.plt
 *(.rela.plt)

.text           0x00000000      0xb58
 *(.vectors)
 .vectors       0x00000000       0x68 e:/codeblocks-arduino baru/codeblocks/bin/../lib/gcc/avr/4.3.3/../../../../avr/lib/avr5/crtm328p.o
                0x00000000                __vectors
                0x00000000                __vector_default
 *(.vectors)
 *(.progmem.gcc*)
 *(.progmem*)
 .progmem.data  0x00000068       0x5a E:\bahan mata kuliah politeknik telkom\ganjil 2013-2014\Sistem Interoperabilitas\Project Arduino\Pengukur_Tinggi_Badan\build\/core_uno_16.a(wiring_digital.c.o)
                0x00000068                port_to_mode_PGM
                0x00000086                digital_pin_to_port_PGM
                0x0000009a                digital_pin_to_bit_mask_PGM
                0x00000072                port_to_output_PGM
                0x0000007c                port_to_input_PGM
                0x000000ae                digital_pin_to_timer_PGM
                0x000000c2                . = ALIGN (0x2)
                0x000000c2                __trampolines_start = .
 *(.trampolines)
 .trampolines   0x000000c2        0x0 linker stubs
 *(.trampolines*)
                0x000000c2                __trampolines_end = .
 *(.jumptables)
 *(.jumptables*)
 *(.lowtext)
 *(.lowtext*)
                0x000000c2                __ctors_start = .
 *(.ctors)
 .ctors         0x000000c2        0x2 build\Pengukur_Tinggi_Badan.o
                0x000000c4                __ctors_end = .
                0x000000c4                __dtors_start = .
 *(.dtors)
                0x000000c4                __dtors_end = .
 SORT(*)(.ctors)
 SORT(*)(.dtors)
 *(.init0)
 .init0         0x000000c4        0x0 e:/codeblocks-arduino baru/codeblocks/bin/../lib/gcc/avr/4.3.3/../../../../avr/lib/avr5/crtm328p.o
                0x000000c4                __init
 *(.init0)
 *(.init1)
 *(.init1)
 *(.init2)
 .init2         0x000000c4        0xc e:/codeblocks-arduino baru/codeblocks/bin/../lib/gcc/avr/4.3.3/../../../../avr/lib/avr5/crtm328p.o
 *(.init2)
 *(.init3)
 *(.init3)
 *(.init4)
 .init4         0x000000d0       0x16 e:/codeblocks-arduino baru/codeblocks/bin/../lib/gcc/avr/4.3.3/avr5\libgcc.a(_copy_data.o)
                0x000000d0                __do_copy_data
 .init4         0x000000e6       0x10 e:/codeblocks-arduino baru/codeblocks/bin/../lib/gcc/avr/4.3.3/avr5\libgcc.a(_clear_bss.o)
                0x000000e6                __do_clear_bss
 *(.init4)
 *(.init5)
 *(.init5)
 *(.init6)
 .init6         0x000000f6       0x16 e:/codeblocks-arduino baru/codeblocks/bin/../lib/gcc/avr/4.3.3/avr5\libgcc.a(_ctors.o)
                0x000000f6                __do_global_ctors
 *(.init6)
 *(.init7)
 *(.init7)
 *(.init8)
 *(.init8)
 *(.init9)
 .init9         0x0000010c        0x8 e:/codeblocks-arduino baru/codeblocks/bin/../lib/gcc/avr/4.3.3/../../../../avr/lib/avr5/crtm328p.o
 *(.init9)
 *(.text)
 .text          0x00000114        0x4 e:/codeblocks-arduino baru/codeblocks/bin/../lib/gcc/avr/4.3.3/../../../../avr/lib/avr5/crtm328p.o
                0x00000114                __vector_22
                0x00000114                __vector_1
                0x00000114                __vector_24
                0x00000114                __vector_12
                0x00000114                __bad_interrupt
                0x00000114                __vector_6
                0x00000114                __vector_3
                0x00000114                __vector_23
                0x00000114                __vector_25
                0x00000114                __vector_11
                0x00000114                __vector_13
                0x00000114                __vector_17
                0x00000114                __vector_19
                0x00000114                __vector_5
                0x00000114                __vector_4
                0x00000114                __vector_9
                0x00000114                __vector_2
                0x00000114                __vector_21
                0x00000114                __vector_15
                0x00000114                __vector_8
                0x00000114                __vector_14
                0x00000114                __vector_10
                0x00000114                __vector_18
                0x00000114                __vector_20
                0x00000118                . = ALIGN (0x2)
 *(.text.*)
 .text._GLOBAL__I_myled
                0x00000118       0x32 build\Pengukur_Tinggi_Badan.o
 .text.loop     0x0000014a       0xc4 build\Pengukur_Tinggi_Badan.o
                0x0000014a                loop
 .text.setup    0x0000020e       0x32 build\Pengukur_Tinggi_Badan.o
                0x0000020e                setup
 .text._ZN10LedControl11spiTransferEihh
                0x00000240       0xea E:\bahan mata kuliah politeknik telkom\ganjil 2013-2014\Sistem Interoperabilitas\Project Arduino\Pengukur_Tinggi_Badan\build\/lib_uno_16.a(LedControl.cpp.o)
                0x00000240                LedControl::spiTransfer(int, unsigned char, unsigned char)
 .text._ZN10LedControl7setCharEiich
                0x0000032a       0x52 E:\bahan mata kuliah politeknik telkom\ganjil 2013-2014\Sistem Interoperabilitas\Project Arduino\Pengukur_Tinggi_Badan\build\/lib_uno_16.a(LedControl.cpp.o)
                0x0000032a                LedControl::setChar(int, int, char, unsigned char)
 .text._ZN10LedControl12clearDisplayEi
                0x0000037c       0x6a E:\bahan mata kuliah politeknik telkom\ganjil 2013-2014\Sistem Interoperabilitas\Project Arduino\Pengukur_Tinggi_Badan\build\/lib_uno_16.a(LedControl.cpp.o)
                0x0000037c                LedControl::clearDisplay(int)
 .text._ZN10LedControl12setIntensityEii
                0x000003e6       0x24 E:\bahan mata kuliah politeknik telkom\ganjil 2013-2014\Sistem Interoperabilitas\Project Arduino\Pengukur_Tinggi_Badan\build\/lib_uno_16.a(LedControl.cpp.o)
                0x000003e6                LedControl::setIntensity(int, int)
 .text._ZN10LedControl12setScanLimitEii
                0x0000040a       0x24 E:\bahan mata kuliah politeknik telkom\ganjil 2013-2014\Sistem Interoperabilitas\Project Arduino\Pengukur_Tinggi_Badan\build\/lib_uno_16.a(LedControl.cpp.o)
                0x0000040a                LedControl::setScanLimit(int, int)
 .text._ZN10LedControl8shutdownEib
                0x0000042e       0x34 E:\bahan mata kuliah politeknik telkom\ganjil 2013-2014\Sistem Interoperabilitas\Project Arduino\Pengukur_Tinggi_Badan\build\/lib_uno_16.a(LedControl.cpp.o)
                0x0000042e                LedControl::shutdown(int, bool)
 .text._ZN10LedControlC1Eiiii
                0x00000462       0xfc E:\bahan mata kuliah politeknik telkom\ganjil 2013-2014\Sistem Interoperabilitas\Project Arduino\Pengukur_Tinggi_Badan\build\/lib_uno_16.a(LedControl.cpp.o)
                0x00000462                LedControl::LedControl(int, int, int, int)
 .text._ZN7NewPingC1Ehhi
                0x0000055e       0x94 E:\bahan mata kuliah politeknik telkom\ganjil 2013-2014\Sistem Interoperabilitas\Project Arduino\Pengukur_Tinggi_Badan\build\/lib_uno_16.a(NewPing.cpp.o)
                0x0000055e                NewPing::NewPing(unsigned char, unsigned char, int)
 .text.__vector_7
                0x000005f2       0x52 E:\bahan mata kuliah politeknik telkom\ganjil 2013-2014\Sistem Interoperabilitas\Project Arduino\Pengukur_Tinggi_Badan\build\/lib_uno_16.a(NewPing.cpp.o)
                0x000005f2                __vector_7
 .text._ZN7NewPing12ping_triggerEv
                0x00000644       0xea E:\bahan mata kuliah politeknik telkom\ganjil 2013-2014\Sistem Interoperabilitas\Project Arduino\Pengukur_Tinggi_Badan\build\/lib_uno_16.a(NewPing.cpp.o)
                0x00000644                NewPing::ping_trigger()
 .text._ZN7NewPing4pingEv
                0x0000072e       0x60 E:\bahan mata kuliah politeknik telkom\ganjil 2013-2014\Sistem Interoperabilitas\Project Arduino\Pengukur_Tinggi_Badan\build\/lib_uno_16.a(NewPing.cpp.o)
                0x0000072e                NewPing::ping()
 .text.main     0x0000078e       0x1e E:\bahan mata kuliah politeknik telkom\ganjil 2013-2014\Sistem Interoperabilitas\Project Arduino\Pengukur_Tinggi_Badan\build\/core_uno_16.a(main.cpp.o)
                0x0000078e                main
 .text.__vector_16
                0x000007ac       0x90 E:\bahan mata kuliah politeknik telkom\ganjil 2013-2014\Sistem Interoperabilitas\Project Arduino\Pengukur_Tinggi_Badan\build\/core_uno_16.a(wiring.c.o)
                0x000007ac                __vector_16
 .text.micros   0x0000083c       0x4c E:\bahan mata kuliah politeknik telkom\ganjil 2013-2014\Sistem Interoperabilitas\Project Arduino\Pengukur_Tinggi_Badan\build\/core_uno_16.a(wiring.c.o)
                0x0000083c                micros
 .text.delay    0x00000888       0x4c E:\bahan mata kuliah politeknik telkom\ganjil 2013-2014\Sistem Interoperabilitas\Project Arduino\Pengukur_Tinggi_Badan\build\/core_uno_16.a(wiring.c.o)
                0x00000888                delay
 .text.delayMicroseconds
                0x000008d4       0x14 E:\bahan mata kuliah politeknik telkom\ganjil 2013-2014\Sistem Interoperabilitas\Project Arduino\Pengukur_Tinggi_Badan\build\/core_uno_16.a(wiring.c.o)
                0x000008d4                delayMicroseconds
 .text.init     0x000008e8       0x76 E:\bahan mata kuliah politeknik telkom\ganjil 2013-2014\Sistem Interoperabilitas\Project Arduino\Pengukur_Tinggi_Badan\build\/core_uno_16.a(wiring.c.o)
                0x000008e8                init
 .text.pinMode  0x0000095e       0x7e E:\bahan mata kuliah politeknik telkom\ganjil 2013-2014\Sistem Interoperabilitas\Project Arduino\Pengukur_Tinggi_Badan\build\/core_uno_16.a(wiring_digital.c.o)
                0x0000095e                pinMode
 .text.turnOffPWM
                0x000009dc       0x5a E:\bahan mata kuliah politeknik telkom\ganjil 2013-2014\Sistem Interoperabilitas\Project Arduino\Pengukur_Tinggi_Badan\build\/core_uno_16.a(wiring_digital.c.o)
 .text.digitalWrite
                0x00000a36       0x66 E:\bahan mata kuliah politeknik telkom\ganjil 2013-2014\Sistem Interoperabilitas\Project Arduino\Pengukur_Tinggi_Badan\build\/core_uno_16.a(wiring_digital.c.o)
                0x00000a36                digitalWrite
 .text.shiftOut
                0x00000a9c       0x84 E:\bahan mata kuliah politeknik telkom\ganjil 2013-2014\Sistem Interoperabilitas\Project Arduino\Pengukur_Tinggi_Badan\build\/core_uno_16.a(wiring_shift.c.o)
                0x00000a9c                shiftOut
 .text.libgcc   0x00000b20       0x28 e:/codeblocks-arduino baru/codeblocks/bin/../lib/gcc/avr/4.3.3/avr5\libgcc.a(_udivmodhi4.o)
                0x00000b20                __udivmodhi4
 .text.libgcc   0x00000b48        0xc e:/codeblocks-arduino baru/codeblocks/bin/../lib/gcc/avr/4.3.3/avr5\libgcc.a(_tablejump.o)
                0x00000b4c                __tablejump__
                0x00000b48                __tablejump2__
                0x00000b54                . = ALIGN (0x2)
 *(.fini9)
 .fini9         0x00000b54        0x0 e:/codeblocks-arduino baru/codeblocks/bin/../lib/gcc/avr/4.3.3/avr5\libgcc.a(_exit.o)
                0x00000b54                exit
                0x00000b54                _exit
 *(.fini9)
 *(.fini8)
 *(.fini8)
 *(.fini7)
 *(.fini7)
 *(.fini6)
 *(.fini6)
 *(.fini5)
 *(.fini5)
 *(.fini4)
 *(.fini4)
 *(.fini3)
 *(.fini3)
 *(.fini2)
 *(.fini2)
 *(.fini1)
 *(.fini1)
 *(.fini0)
 .fini0         0x00000b54        0x4 e:/codeblocks-arduino baru/codeblocks/bin/../lib/gcc/avr/4.3.3/avr5\libgcc.a(_exit.o)
 *(.fini0)
                0x00000b58                _etext = .

.data           0x00800100       0x80 load address 0x00000b58
                0x00800100                PROVIDE (__data_start, .)
 *(.data)
 *(.data*)
 *(.rodata)
 *(.rodata*)
 .rodata._ZL9charTable
                0x00800100       0x80 E:\bahan mata kuliah politeknik telkom\ganjil 2013-2014\Sistem Interoperabilitas\Project Arduino\Pengukur_Tinggi_Badan\build\/lib_uno_16.a(LedControl.cpp.o)
 *(.gnu.linkonce.d*)
                0x00800180                . = ALIGN (0x2)
                0x00800180                _edata = .
                0x00800180                PROVIDE (__data_end, .)

.bss            0x00800180       0x7c
                0x00800180                PROVIDE (__bss_start, .)
 *(.bss)
 *(.bss*)
 .bss.myled     0x00800180       0x58 build\Pengukur_Tinggi_Badan.o
                0x00800180                myled
 .bss.sonar     0x008001d8       0x12 build\Pengukur_Tinggi_Badan.o
                0x008001d8                sonar
 .bss.jarak     0x008001ea        0x2 build\Pengukur_Tinggi_Badan.o
                0x008001ea                jarak
 .bss.tinggi    0x008001ec        0x2 build\Pengukur_Tinggi_Badan.o
                0x008001ec                tinggi
 .bss.satuan    0x008001ee        0x1 build\Pengukur_Tinggi_Badan.o
                0x008001ee                satuan
 .bss.puluhan   0x008001ef        0x1 build\Pengukur_Tinggi_Badan.o
                0x008001ef                puluhan
 .bss.ratusan   0x008001f0        0x1 build\Pengukur_Tinggi_Badan.o
                0x008001f0                ratusan
 .bss.intFunc   0x008001f1        0x2 E:\bahan mata kuliah politeknik telkom\ganjil 2013-2014\Sistem Interoperabilitas\Project Arduino\Pengukur_Tinggi_Badan\build\/lib_uno_16.a(NewPing.cpp.o)
                0x008001f1                intFunc
 .bss.timer0_overflow_count
                0x008001f3        0x4 E:\bahan mata kuliah politeknik telkom\ganjil 2013-2014\Sistem Interoperabilitas\Project Arduino\Pengukur_Tinggi_Badan\build\/core_uno_16.a(wiring.c.o)
                0x008001f3                timer0_overflow_count
 .bss.timer0_millis
                0x008001f7        0x4 E:\bahan mata kuliah politeknik telkom\ganjil 2013-2014\Sistem Interoperabilitas\Project Arduino\Pengukur_Tinggi_Badan\build\/core_uno_16.a(wiring.c.o)
                0x008001f7                timer0_millis
 .bss.timer0_fract
                0x008001fb        0x1 E:\bahan mata kuliah politeknik telkom\ganjil 2013-2014\Sistem Interoperabilitas\Project Arduino\Pengukur_Tinggi_Badan\build\/core_uno_16.a(wiring.c.o)
 *(COMMON)
                0x008001fc                PROVIDE (__bss_end, .)
                0x00000b58                __data_load_start = LOADADDR (.data)
                0x00000bd8                __data_load_end = (__data_load_start + SIZEOF (.data))

.noinit         0x008001fc        0x0
                0x008001fc                PROVIDE (__noinit_start, .)
 *(.noinit*)
                0x008001fc                PROVIDE (__noinit_end, .)
                0x008001fc                _end = .
                0x008001fc                PROVIDE (__heap_start, .)

.eeprom         0x00810000        0x0
 *(.eeprom*)
                0x00810000                __eeprom_end = .

.fuse
 *(.fuse)
 *(.lfuse)
 *(.hfuse)
 *(.efuse)

.lock
 *(.lock*)

.signature
 *(.signature*)

.stab
 *(.stab)

.stabstr
 *(.stabstr)

.stab.excl
 *(.stab.excl)

.stab.exclstr
 *(.stab.exclstr)

.stab.index
 *(.stab.index)

.stab.indexstr
 *(.stab.indexstr)

.comment
 *(.comment)

.debug
 *(.debug)

.line
 *(.line)

.debug_srcinfo
 *(.debug_srcinfo)

.debug_sfnames
 *(.debug_sfnames)

.debug_aranges
 *(.debug_aranges)

.debug_pubnames
 *(.debug_pubnames)

.debug_info
 *(.debug_info)
 *(.gnu.linkonce.wi.*)

.debug_abbrev
 *(.debug_abbrev)

.debug_line
 *(.debug_line)

.debug_frame
 *(.debug_frame)

.debug_str
 *(.debug_str)

.debug_loc
 *(.debug_loc)

.debug_macinfo
 *(.debug_macinfo)
OUTPUT(build\Pengukur_Tinggi_Badan_uno.elf elf32-avr)
LOAD linker stubs

Cross Reference Table

Symbol                                            File
LedControl::LedControl(int, int, int, int)        E:\bahan mata kuliah politeknik telkom\ganjil 2013-2014\Sistem Interoperabilitas\Project Arduino\Pengukur_Tinggi_Badan\build\/lib_uno_16.a(LedControl.cpp.o)
LedControl::LedControl(int, int, int, int)        E:\bahan mata kuliah politeknik telkom\ganjil 2013-2014\Sistem Interoperabilitas\Project Arduino\Pengukur_Tinggi_Badan\build\/lib_uno_16.a(LedControl.cpp.o)
                                                  build\Pengukur_Tinggi_Badan.o
LedControl::clearDisplay(int)                     E:\bahan mata kuliah politeknik telkom\ganjil 2013-2014\Sistem Interoperabilitas\Project Arduino\Pengukur_Tinggi_Badan\build\/lib_uno_16.a(LedControl.cpp.o)
                                                  build\Pengukur_Tinggi_Badan.o
LedControl::getDeviceCount()                      E:\bahan mata kuliah politeknik telkom\ganjil 2013-2014\Sistem Interoperabilitas\Project Arduino\Pengukur_Tinggi_Badan\build\/lib_uno_16.a(LedControl.cpp.o)
LedControl::setChar(int, int, char, unsigned char) E:\bahan mata kuliah politeknik telkom\ganjil 2013-2014\Sistem Interoperabilitas\Project Arduino\Pengukur_Tinggi_Badan\build\/lib_uno_16.a(LedControl.cpp.o)
                                                  build\Pengukur_Tinggi_Badan.o
LedControl::setColumn(int, int, unsigned char)    E:\bahan mata kuliah politeknik telkom\ganjil 2013-2014\Sistem Interoperabilitas\Project Arduino\Pengukur_Tinggi_Badan\build\/lib_uno_16.a(LedControl.cpp.o)
LedControl::setDigit(int, int, unsigned char, unsigned char) E:\bahan mata kuliah politeknik telkom\ganjil 2013-2014\Sistem Interoperabilitas\Project Arduino\Pengukur_Tinggi_Badan\build\/lib_uno_16.a(LedControl.cpp.o)
LedControl::setIntensity(int, int)                E:\bahan mata kuliah politeknik telkom\ganjil 2013-2014\Sistem Interoperabilitas\Project Arduino\Pengukur_Tinggi_Badan\build\/lib_uno_16.a(LedControl.cpp.o)
                                                  build\Pengukur_Tinggi_Badan.o
LedControl::setLed(int, int, int, unsigned char)  E:\bahan mata kuliah politeknik telkom\ganjil 2013-2014\Sistem Interoperabilitas\Project Arduino\Pengukur_Tinggi_Badan\build\/lib_uno_16.a(LedControl.cpp.o)
LedControl::setRow(int, int, unsigned char)       E:\bahan mata kuliah politeknik telkom\ganjil 2013-2014\Sistem Interoperabilitas\Project Arduino\Pengukur_Tinggi_Badan\build\/lib_uno_16.a(LedControl.cpp.o)
LedControl::setScanLimit(int, int)                E:\bahan mata kuliah politeknik telkom\ganjil 2013-2014\Sistem Interoperabilitas\Project Arduino\Pengukur_Tinggi_Badan\build\/lib_uno_16.a(LedControl.cpp.o)
LedControl::shutdown(int, bool)                   E:\bahan mata kuliah politeknik telkom\ganjil 2013-2014\Sistem Interoperabilitas\Project Arduino\Pengukur_Tinggi_Badan\build\/lib_uno_16.a(LedControl.cpp.o)
                                                  build\Pengukur_Tinggi_Badan.o
LedControl::spiTransfer(int, unsigned char, unsigned char) E:\bahan mata kuliah politeknik telkom\ganjil 2013-2014\Sistem Interoperabilitas\Project Arduino\Pengukur_Tinggi_Badan\build\/lib_uno_16.a(LedControl.cpp.o)
NewPing::NewPing(unsigned char, unsigned char, int) E:\bahan mata kuliah politeknik telkom\ganjil 2013-2014\Sistem Interoperabilitas\Project Arduino\Pengukur_Tinggi_Badan\build\/lib_uno_16.a(NewPing.cpp.o)
NewPing::NewPing(unsigned char, unsigned char, int) E:\bahan mata kuliah politeknik telkom\ganjil 2013-2014\Sistem Interoperabilitas\Project Arduino\Pengukur_Tinggi_Badan\build\/lib_uno_16.a(NewPing.cpp.o)
                                                  build\Pengukur_Tinggi_Badan.o
NewPing::check_timer()                            E:\bahan mata kuliah politeknik telkom\ganjil 2013-2014\Sistem Interoperabilitas\Project Arduino\Pengukur_Tinggi_Badan\build\/lib_uno_16.a(NewPing.cpp.o)
NewPing::convert_cm(unsigned int)                 E:\bahan mata kuliah politeknik telkom\ganjil 2013-2014\Sistem Interoperabilitas\Project Arduino\Pengukur_Tinggi_Badan\build\/lib_uno_16.a(NewPing.cpp.o)
NewPing::convert_in(unsigned int)                 E:\bahan mata kuliah politeknik telkom\ganjil 2013-2014\Sistem Interoperabilitas\Project Arduino\Pengukur_Tinggi_Badan\build\/lib_uno_16.a(NewPing.cpp.o)
NewPing::ping()                                   E:\bahan mata kuliah politeknik telkom\ganjil 2013-2014\Sistem Interoperabilitas\Project Arduino\Pengukur_Tinggi_Badan\build\/lib_uno_16.a(NewPing.cpp.o)
                                                  build\Pengukur_Tinggi_Badan.o
NewPing::ping_cm()                                E:\bahan mata kuliah politeknik telkom\ganjil 2013-2014\Sistem Interoperabilitas\Project Arduino\Pengukur_Tinggi_Badan\build\/lib_uno_16.a(NewPing.cpp.o)
NewPing::ping_in()                                E:\bahan mata kuliah politeknik telkom\ganjil 2013-2014\Sistem Interoperabilitas\Project Arduino\Pengukur_Tinggi_Badan\build\/lib_uno_16.a(NewPing.cpp.o)
NewPing::ping_median(unsigned char)               E:\bahan mata kuliah politeknik telkom\ganjil 2013-2014\Sistem Interoperabilitas\Project Arduino\Pengukur_Tinggi_Badan\build\/lib_uno_16.a(NewPing.cpp.o)
NewPing::ping_timer(void (*)())                   E:\bahan mata kuliah politeknik telkom\ganjil 2013-2014\Sistem Interoperabilitas\Project Arduino\Pengukur_Tinggi_Badan\build\/lib_uno_16.a(NewPing.cpp.o)
NewPing::ping_trigger()                           E:\bahan mata kuliah politeknik telkom\ganjil 2013-2014\Sistem Interoperabilitas\Project Arduino\Pengukur_Tinggi_Badan\build\/lib_uno_16.a(NewPing.cpp.o)
NewPing::timer_ms(unsigned long, void (*)())      E:\bahan mata kuliah politeknik telkom\ganjil 2013-2014\Sistem Interoperabilitas\Project Arduino\Pengukur_Tinggi_Badan\build\/lib_uno_16.a(NewPing.cpp.o)
NewPing::timer_ms_cntdwn()                        E:\bahan mata kuliah politeknik telkom\ganjil 2013-2014\Sistem Interoperabilitas\Project Arduino\Pengukur_Tinggi_Badan\build\/lib_uno_16.a(NewPing.cpp.o)
NewPing::timer_setup()                            E:\bahan mata kuliah politeknik telkom\ganjil 2013-2014\Sistem Interoperabilitas\Project Arduino\Pengukur_Tinggi_Badan\build\/lib_uno_16.a(NewPing.cpp.o)
NewPing::timer_stop()                             E:\bahan mata kuliah politeknik telkom\ganjil 2013-2014\Sistem Interoperabilitas\Project Arduino\Pengukur_Tinggi_Badan\build\/lib_uno_16.a(NewPing.cpp.o)
NewPing::timer_us(unsigned int, void (*)())       E:\bahan mata kuliah politeknik telkom\ganjil 2013-2014\Sistem Interoperabilitas\Project Arduino\Pengukur_Tinggi_Badan\build\/lib_uno_16.a(NewPing.cpp.o)
__bad_interrupt                                   e:/codeblocks-arduino baru/codeblocks/bin/../lib/gcc/avr/4.3.3/../../../../avr/lib/avr5/crtm328p.o
__bss_end                                         e:/codeblocks-arduino baru/codeblocks/bin/../lib/gcc/avr/4.3.3/avr5\libgcc.a(_clear_bss.o)
__bss_start                                       e:/codeblocks-arduino baru/codeblocks/bin/../lib/gcc/avr/4.3.3/avr5\libgcc.a(_clear_bss.o)
__ctors_end                                       e:/codeblocks-arduino baru/codeblocks/bin/../lib/gcc/avr/4.3.3/avr5\libgcc.a(_ctors.o)
__ctors_start                                     e:/codeblocks-arduino baru/codeblocks/bin/../lib/gcc/avr/4.3.3/avr5\libgcc.a(_ctors.o)
__data_end                                        e:/codeblocks-arduino baru/codeblocks/bin/../lib/gcc/avr/4.3.3/avr5\libgcc.a(_copy_data.o)
__data_load_start                                 e:/codeblocks-arduino baru/codeblocks/bin/../lib/gcc/avr/4.3.3/avr5\libgcc.a(_copy_data.o)
__data_start                                      e:/codeblocks-arduino baru/codeblocks/bin/../lib/gcc/avr/4.3.3/avr5\libgcc.a(_copy_data.o)
__do_clear_bss                                    e:/codeblocks-arduino baru/codeblocks/bin/../lib/gcc/avr/4.3.3/avr5\libgcc.a(_clear_bss.o)
                                                  E:\bahan mata kuliah politeknik telkom\ganjil 2013-2014\Sistem Interoperabilitas\Project Arduino\Pengukur_Tinggi_Badan\build\/core_uno_16.a(wiring.c.o)
                                                  E:\bahan mata kuliah politeknik telkom\ganjil 2013-2014\Sistem Interoperabilitas\Project Arduino\Pengukur_Tinggi_Badan\build\/lib_uno_16.a(NewPing.cpp.o)
                                                  build\Pengukur_Tinggi_Badan.o
__do_copy_data                                    e:/codeblocks-arduino baru/codeblocks/bin/../lib/gcc/avr/4.3.3/avr5\libgcc.a(_copy_data.o)
                                                  E:\bahan mata kuliah politeknik telkom\ganjil 2013-2014\Sistem Interoperabilitas\Project Arduino\Pengukur_Tinggi_Badan\build\/lib_uno_16.a(LedControl.cpp.o)
__do_global_ctors                                 e:/codeblocks-arduino baru/codeblocks/bin/../lib/gcc/avr/4.3.3/avr5\libgcc.a(_ctors.o)
                                                  build\Pengukur_Tinggi_Badan.o
__heap_end                                        e:/codeblocks-arduino baru/codeblocks/bin/../lib/gcc/avr/4.3.3/../../../../avr/lib/avr5/crtm328p.o
__init                                            e:/codeblocks-arduino baru/codeblocks/bin/../lib/gcc/avr/4.3.3/../../../../avr/lib/avr5/crtm328p.o
__stack                                           e:/codeblocks-arduino baru/codeblocks/bin/../lib/gcc/avr/4.3.3/../../../../avr/lib/avr5/crtm328p.o
__tablejump2__                                    e:/codeblocks-arduino baru/codeblocks/bin/../lib/gcc/avr/4.3.3/avr5\libgcc.a(_tablejump.o)
__tablejump__                                     e:/codeblocks-arduino baru/codeblocks/bin/../lib/gcc/avr/4.3.3/avr5\libgcc.a(_tablejump.o)
                                                  e:/codeblocks-arduino baru/codeblocks/bin/../lib/gcc/avr/4.3.3/avr5\libgcc.a(_ctors.o)
__udivmodhi4                                      e:/codeblocks-arduino baru/codeblocks/bin/../lib/gcc/avr/4.3.3/avr5\libgcc.a(_udivmodhi4.o)
                                                  E:\bahan mata kuliah politeknik telkom\ganjil 2013-2014\Sistem Interoperabilitas\Project Arduino\Pengukur_Tinggi_Badan\build\/lib_uno_16.a(NewPing.cpp.o)
                                                  build\Pengukur_Tinggi_Badan.o
__vector_1                                        e:/codeblocks-arduino baru/codeblocks/bin/../lib/gcc/avr/4.3.3/../../../../avr/lib/avr5/crtm328p.o
__vector_10                                       e:/codeblocks-arduino baru/codeblocks/bin/../lib/gcc/avr/4.3.3/../../../../avr/lib/avr5/crtm328p.o
__vector_11                                       e:/codeblocks-arduino baru/codeblocks/bin/../lib/gcc/avr/4.3.3/../../../../avr/lib/avr5/crtm328p.o
__vector_12                                       e:/codeblocks-arduino baru/codeblocks/bin/../lib/gcc/avr/4.3.3/../../../../avr/lib/avr5/crtm328p.o
__vector_13                                       e:/codeblocks-arduino baru/codeblocks/bin/../lib/gcc/avr/4.3.3/../../../../avr/lib/avr5/crtm328p.o
__vector_14                                       e:/codeblocks-arduino baru/codeblocks/bin/../lib/gcc/avr/4.3.3/../../../../avr/lib/avr5/crtm328p.o
__vector_15                                       e:/codeblocks-arduino baru/codeblocks/bin/../lib/gcc/avr/4.3.3/../../../../avr/lib/avr5/crtm328p.o
__vector_16                                       E:\bahan mata kuliah politeknik telkom\ganjil 2013-2014\Sistem Interoperabilitas\Project Arduino\Pengukur_Tinggi_Badan\build\/core_uno_16.a(wiring.c.o)
                                                  e:/codeblocks-arduino baru/codeblocks/bin/../lib/gcc/avr/4.3.3/../../../../avr/lib/avr5/crtm328p.o
__vector_17                                       e:/codeblocks-arduino baru/codeblocks/bin/../lib/gcc/avr/4.3.3/../../../../avr/lib/avr5/crtm328p.o
__vector_18                                       e:/codeblocks-arduino baru/codeblocks/bin/../lib/gcc/avr/4.3.3/../../../../avr/lib/avr5/crtm328p.o
__vector_19                                       e:/codeblocks-arduino baru/codeblocks/bin/../lib/gcc/avr/4.3.3/../../../../avr/lib/avr5/crtm328p.o
__vector_2                                        e:/codeblocks-arduino baru/codeblocks/bin/../lib/gcc/avr/4.3.3/../../../../avr/lib/avr5/crtm328p.o
__vector_20                                       e:/codeblocks-arduino baru/codeblocks/bin/../lib/gcc/avr/4.3.3/../../../../avr/lib/avr5/crtm328p.o
__vector_21                                       e:/codeblocks-arduino baru/codeblocks/bin/../lib/gcc/avr/4.3.3/../../../../avr/lib/avr5/crtm328p.o
__vector_22                                       e:/codeblocks-arduino baru/codeblocks/bin/../lib/gcc/avr/4.3.3/../../../../avr/lib/avr5/crtm328p.o
__vector_23                                       e:/codeblocks-arduino baru/codeblocks/bin/../lib/gcc/avr/4.3.3/../../../../avr/lib/avr5/crtm328p.o
__vector_24                                       e:/codeblocks-arduino baru/codeblocks/bin/../lib/gcc/avr/4.3.3/../../../../avr/lib/avr5/crtm328p.o
__vector_25                                       e:/codeblocks-arduino baru/codeblocks/bin/../lib/gcc/avr/4.3.3/../../../../avr/lib/avr5/crtm328p.o
__vector_3                                        e:/codeblocks-arduino baru/codeblocks/bin/../lib/gcc/avr/4.3.3/../../../../avr/lib/avr5/crtm328p.o
__vector_4                                        e:/codeblocks-arduino baru/codeblocks/bin/../lib/gcc/avr/4.3.3/../../../../avr/lib/avr5/crtm328p.o
__vector_5                                        e:/codeblocks-arduino baru/codeblocks/bin/../lib/gcc/avr/4.3.3/../../../../avr/lib/avr5/crtm328p.o
__vector_6                                        e:/codeblocks-arduino baru/codeblocks/bin/../lib/gcc/avr/4.3.3/../../../../avr/lib/avr5/crtm328p.o
__vector_7                                        E:\bahan mata kuliah politeknik telkom\ganjil 2013-2014\Sistem Interoperabilitas\Project Arduino\Pengukur_Tinggi_Badan\build\/lib_uno_16.a(NewPing.cpp.o)
                                                  e:/codeblocks-arduino baru/codeblocks/bin/../lib/gcc/avr/4.3.3/../../../../avr/lib/avr5/crtm328p.o
__vector_8                                        e:/codeblocks-arduino baru/codeblocks/bin/../lib/gcc/avr/4.3.3/../../../../avr/lib/avr5/crtm328p.o
__vector_9                                        e:/codeblocks-arduino baru/codeblocks/bin/../lib/gcc/avr/4.3.3/../../../../avr/lib/avr5/crtm328p.o
__vector_default                                  e:/codeblocks-arduino baru/codeblocks/bin/../lib/gcc/avr/4.3.3/../../../../avr/lib/avr5/crtm328p.o
__vectors                                         e:/codeblocks-arduino baru/codeblocks/bin/../lib/gcc/avr/4.3.3/../../../../avr/lib/avr5/crtm328p.o
_exit                                             e:/codeblocks-arduino baru/codeblocks/bin/../lib/gcc/avr/4.3.3/avr5\libgcc.a(_exit.o)
_ms_cnt                                           E:\bahan mata kuliah politeknik telkom\ganjil 2013-2014\Sistem Interoperabilitas\Project Arduino\Pengukur_Tinggi_Badan\build\/lib_uno_16.a(NewPing.cpp.o)
_ms_cnt_reset                                     E:\bahan mata kuliah politeknik telkom\ganjil 2013-2014\Sistem Interoperabilitas\Project Arduino\Pengukur_Tinggi_Badan\build\/lib_uno_16.a(NewPing.cpp.o)
delay                                             E:\bahan mata kuliah politeknik telkom\ganjil 2013-2014\Sistem Interoperabilitas\Project Arduino\Pengukur_Tinggi_Badan\build\/core_uno_16.a(wiring.c.o)
                                                  E:\bahan mata kuliah politeknik telkom\ganjil 2013-2014\Sistem Interoperabilitas\Project Arduino\Pengukur_Tinggi_Badan\build\/lib_uno_16.a(NewPing.cpp.o)
                                                  build\Pengukur_Tinggi_Badan.o
delayMicroseconds                                 E:\bahan mata kuliah politeknik telkom\ganjil 2013-2014\Sistem Interoperabilitas\Project Arduino\Pengukur_Tinggi_Badan\build\/core_uno_16.a(wiring.c.o)
                                                  E:\bahan mata kuliah politeknik telkom\ganjil 2013-2014\Sistem Interoperabilitas\Project Arduino\Pengukur_Tinggi_Badan\build\/lib_uno_16.a(NewPing.cpp.o)
digitalRead                                       E:\bahan mata kuliah politeknik telkom\ganjil 2013-2014\Sistem Interoperabilitas\Project Arduino\Pengukur_Tinggi_Badan\build\/core_uno_16.a(wiring_digital.c.o)
                                                  E:\bahan mata kuliah politeknik telkom\ganjil 2013-2014\Sistem Interoperabilitas\Project Arduino\Pengukur_Tinggi_Badan\build\/core_uno_16.a(wiring_shift.c.o)
digitalWrite                                      E:\bahan mata kuliah politeknik telkom\ganjil 2013-2014\Sistem Interoperabilitas\Project Arduino\Pengukur_Tinggi_Badan\build\/core_uno_16.a(wiring_digital.c.o)
                                                  E:\bahan mata kuliah politeknik telkom\ganjil 2013-2014\Sistem Interoperabilitas\Project Arduino\Pengukur_Tinggi_Badan\build\/core_uno_16.a(wiring_shift.c.o)
                                                  E:\bahan mata kuliah politeknik telkom\ganjil 2013-2014\Sistem Interoperabilitas\Project Arduino\Pengukur_Tinggi_Badan\build\/lib_uno_16.a(LedControl.cpp.o)
digital_pin_to_bit_mask_PGM                       E:\bahan mata kuliah politeknik telkom\ganjil 2013-2014\Sistem Interoperabilitas\Project Arduino\Pengukur_Tinggi_Badan\build\/core_uno_16.a(wiring_digital.c.o)
                                                  E:\bahan mata kuliah politeknik telkom\ganjil 2013-2014\Sistem Interoperabilitas\Project Arduino\Pengukur_Tinggi_Badan\build\/lib_uno_16.a(NewPing.cpp.o)
digital_pin_to_port_PGM                           E:\bahan mata kuliah politeknik telkom\ganjil 2013-2014\Sistem Interoperabilitas\Project Arduino\Pengukur_Tinggi_Badan\build\/core_uno_16.a(wiring_digital.c.o)
                                                  E:\bahan mata kuliah politeknik telkom\ganjil 2013-2014\Sistem Interoperabilitas\Project Arduino\Pengukur_Tinggi_Badan\build\/lib_uno_16.a(NewPing.cpp.o)
digital_pin_to_timer_PGM                          E:\bahan mata kuliah politeknik telkom\ganjil 2013-2014\Sistem Interoperabilitas\Project Arduino\Pengukur_Tinggi_Badan\build\/core_uno_16.a(wiring_digital.c.o)
exit                                              e:/codeblocks-arduino baru/codeblocks/bin/../lib/gcc/avr/4.3.3/avr5\libgcc.a(_exit.o)
                                                  e:/codeblocks-arduino baru/codeblocks/bin/../lib/gcc/avr/4.3.3/../../../../avr/lib/avr5/crtm328p.o
init                                              E:\bahan mata kuliah politeknik telkom\ganjil 2013-2014\Sistem Interoperabilitas\Project Arduino\Pengukur_Tinggi_Badan\build\/core_uno_16.a(wiring.c.o)
                                                  E:\bahan mata kuliah politeknik telkom\ganjil 2013-2014\Sistem Interoperabilitas\Project Arduino\Pengukur_Tinggi_Badan\build\/core_uno_16.a(main.cpp.o)
intFunc                                           E:\bahan mata kuliah politeknik telkom\ganjil 2013-2014\Sistem Interoperabilitas\Project Arduino\Pengukur_Tinggi_Badan\build\/lib_uno_16.a(NewPing.cpp.o)
intFunc2                                          E:\bahan mata kuliah politeknik telkom\ganjil 2013-2014\Sistem Interoperabilitas\Project Arduino\Pengukur_Tinggi_Badan\build\/lib_uno_16.a(NewPing.cpp.o)
jarak                                             build\Pengukur_Tinggi_Badan.o
loop                                              build\Pengukur_Tinggi_Badan.o
                                                  E:\bahan mata kuliah politeknik telkom\ganjil 2013-2014\Sistem Interoperabilitas\Project Arduino\Pengukur_Tinggi_Badan\build\/core_uno_16.a(main.cpp.o)
main                                              E:\bahan mata kuliah politeknik telkom\ganjil 2013-2014\Sistem Interoperabilitas\Project Arduino\Pengukur_Tinggi_Badan\build\/core_uno_16.a(main.cpp.o)
                                                  e:/codeblocks-arduino baru/codeblocks/bin/../lib/gcc/avr/4.3.3/../../../../avr/lib/avr5/crtm328p.o
micros                                            E:\bahan mata kuliah politeknik telkom\ganjil 2013-2014\Sistem Interoperabilitas\Project Arduino\Pengukur_Tinggi_Badan\build\/core_uno_16.a(wiring.c.o)
                                                  E:\bahan mata kuliah politeknik telkom\ganjil 2013-2014\Sistem Interoperabilitas\Project Arduino\Pengukur_Tinggi_Badan\build\/lib_uno_16.a(NewPing.cpp.o)
millis                                            E:\bahan mata kuliah politeknik telkom\ganjil 2013-2014\Sistem Interoperabilitas\Project Arduino\Pengukur_Tinggi_Badan\build\/core_uno_16.a(wiring.c.o)
myled                                             build\Pengukur_Tinggi_Badan.o
pinMode                                           E:\bahan mata kuliah politeknik telkom\ganjil 2013-2014\Sistem Interoperabilitas\Project Arduino\Pengukur_Tinggi_Badan\build\/core_uno_16.a(wiring_digital.c.o)
                                                  E:\bahan mata kuliah politeknik telkom\ganjil 2013-2014\Sistem Interoperabilitas\Project Arduino\Pengukur_Tinggi_Badan\build\/lib_uno_16.a(LedControl.cpp.o)
port_to_input_PGM                                 E:\bahan mata kuliah politeknik telkom\ganjil 2013-2014\Sistem Interoperabilitas\Project Arduino\Pengukur_Tinggi_Badan\build\/core_uno_16.a(wiring_digital.c.o)
                                                  E:\bahan mata kuliah politeknik telkom\ganjil 2013-2014\Sistem Interoperabilitas\Project Arduino\Pengukur_Tinggi_Badan\build\/lib_uno_16.a(NewPing.cpp.o)
port_to_mode_PGM                                  E:\bahan mata kuliah politeknik telkom\ganjil 2013-2014\Sistem Interoperabilitas\Project Arduino\Pengukur_Tinggi_Badan\build\/core_uno_16.a(wiring_digital.c.o)
                                                  E:\bahan mata kuliah politeknik telkom\ganjil 2013-2014\Sistem Interoperabilitas\Project Arduino\Pengukur_Tinggi_Badan\build\/lib_uno_16.a(NewPing.cpp.o)
port_to_output_PGM                                E:\bahan mata kuliah politeknik telkom\ganjil 2013-2014\Sistem Interoperabilitas\Project Arduino\Pengukur_Tinggi_Badan\build\/core_uno_16.a(wiring_digital.c.o)
                                                  E:\bahan mata kuliah politeknik telkom\ganjil 2013-2014\Sistem Interoperabilitas\Project Arduino\Pengukur_Tinggi_Badan\build\/lib_uno_16.a(NewPing.cpp.o)
puluhan                                           build\Pengukur_Tinggi_Badan.o
ratusan                                           build\Pengukur_Tinggi_Badan.o
satuan                                            build\Pengukur_Tinggi_Badan.o
serialEventRun()                                  E:\bahan mata kuliah politeknik telkom\ganjil 2013-2014\Sistem Interoperabilitas\Project Arduino\Pengukur_Tinggi_Badan\build\/core_uno_16.a(main.cpp.o)
setup                                             build\Pengukur_Tinggi_Badan.o
                                                  E:\bahan mata kuliah politeknik telkom\ganjil 2013-2014\Sistem Interoperabilitas\Project Arduino\Pengukur_Tinggi_Badan\build\/core_uno_16.a(main.cpp.o)
shiftIn                                           E:\bahan mata kuliah politeknik telkom\ganjil 2013-2014\Sistem Interoperabilitas\Project Arduino\Pengukur_Tinggi_Badan\build\/core_uno_16.a(wiring_shift.c.o)
shiftOut                                          E:\bahan mata kuliah politeknik telkom\ganjil 2013-2014\Sistem Interoperabilitas\Project Arduino\Pengukur_Tinggi_Badan\build\/core_uno_16.a(wiring_shift.c.o)
                                                  E:\bahan mata kuliah politeknik telkom\ganjil 2013-2014\Sistem Interoperabilitas\Project Arduino\Pengukur_Tinggi_Badan\build\/lib_uno_16.a(LedControl.cpp.o)
sonar                                             build\Pengukur_Tinggi_Badan.o
timer0_millis                                     E:\bahan mata kuliah politeknik telkom\ganjil 2013-2014\Sistem Interoperabilitas\Project Arduino\Pengukur_Tinggi_Badan\build\/core_uno_16.a(wiring.c.o)
timer0_overflow_count                             E:\bahan mata kuliah politeknik telkom\ganjil 2013-2014\Sistem Interoperabilitas\Project Arduino\Pengukur_Tinggi_Badan\build\/core_uno_16.a(wiring.c.o)
tinggi                                            build\Pengukur_Tinggi_Badan.o
